---
source: src/pypi.rs
expression: distributions
---
[
  Distribution(
    name: "keyring",
    version: "25.6.0",
    installer: Some("pip"),
    dist_info: "lib/python3.13/site-packages/keyring-25.6.0.dist-info",
    tags: Some([
      "py3-none-any",
    ]),
  ),
  Distribution(
    name: "werkzeug",
    version: "3.1.3",
    installer: Some("pip"),
    dist_info: "lib/python3.13/site-packages/werkzeug-3.1.3.dist-info",
    tags: Some([
      "py3-none-any",
    ]),
  ),
  Distribution(
    name: "itsdangerous",
    version: "2.2.0",
    installer: Some("pip"),
    dist_info: "lib/python3.13/site-packages/itsdangerous-2.2.0.dist-info",
    tags: Some([
      "py3-none-any",
    ]),
  ),
  Distribution(
    name: "blinker",
    version: "1.9.0",
    installer: Some("pip"),
    dist_info: "lib/python3.13/site-packages/blinker-1.9.0.dist-info",
    tags: Some([
      "py3-none-any",
    ]),
  ),
  Distribution(
    name: "flask",
    version: "3.1.0",
    installer: Some("pip"),
    dist_info: "lib/python3.13/site-packages/flask-3.1.0.dist-info",
    tags: Some([
      "py3-none-any",
    ]),
  ),
  Distribution(
    name: "jinja2",
    version: "3.1.5",
    installer: Some("pip"),
    dist_info: "lib/python3.13/site-packages/jinja2-3.1.5.dist-info",
    tags: Some([
      "py3-none-any",
    ]),
  ),
  Distribution(
    name: "jeepney",
    version: "0.8.0",
    installer: Some("pip"),
    dist_info: "lib/python3.13/site-packages/jeepney-0.8.0.dist-info",
    tags: Some([
      "py3-none-any",
    ]),
  ),
  Distribution(
    name: "markupsafe",
    version: "3.0.2",
    installer: Some("pip"),
    dist_info: "lib/python3.13/site-packages/MarkupSafe-3.0.2.dist-info",
    tags: Some([
      "cp313-cp313-manylinux_2_17_x86_64",
      "cp313-cp313-manylinux2014_x86_64",
    ]),
  ),
  Distribution(
    name: "cryptography",
    version: "44.0.1",
    installer: Some("pip"),
    dist_info: "lib/python3.13/site-packages/cryptography-44.0.1.dist-info",
    tags: Some([
      "cp39-abi3-manylinux_2_34_x86_64",
    ]),
  ),
  Distribution(
    name: "secretstorage",
    version: "3.3.3",
    installer: Some("pip"),
    dist_info: "lib/python3.13/site-packages/SecretStorage-3.3.3.dist-info",
    tags: Some([
      "py3-none-any",
    ]),
  ),
  Distribution(
    name: "jaraco-classes",
    version: "3.4.0",
    installer: Some("pip"),
    dist_info: "lib/python3.13/site-packages/jaraco.classes-3.4.0.dist-info",
    tags: Some([
      "py3-none-any",
    ]),
  ),
  Distribution(
    name: "click",
    version: "8.1.8",
    installer: Some("pip"),
    dist_info: "lib/python3.13/site-packages/click-8.1.8.dist-info",
    tags: Some([
      "py3-none-any",
    ]),
  ),
  Distribution(
    name: "pycparser",
    version: "2.22",
    installer: Some("pip"),
    dist_info: "lib/python3.13/site-packages/pycparser-2.22.dist-info",
    tags: Some([
      "py3-none-any",
    ]),
  ),
  Distribution(
    name: "jaraco-functools",
    version: "4.1.0",
    installer: Some("pip"),
    dist_info: "lib/python3.13/site-packages/jaraco.functools-4.1.0.dist-info",
    tags: Some([
      "py3-none-any",
    ]),
  ),
  Distribution(
    name: "more-itertools",
    version: "10.6.0",
    installer: Some("pip"),
    dist_info: "lib/python3.13/site-packages/more_itertools-10.6.0.dist-info",
    tags: Some([
      "py3-none-any",
    ]),
  ),
  Distribution(
    name: "jaraco-context",
    version: "6.0.1",
    installer: Some("pip"),
    dist_info: "lib/python3.13/site-packages/jaraco.context-6.0.1.dist-info",
    tags: Some([
      "py3-none-any",
    ]),
  ),
  Distribution(
    name: "cffi",
    version: "1.17.1",
    installer: Some("pip"),
    dist_info: "lib/python3.13/site-packages/cffi-1.17.1.dist-info",
    tags: Some([
      "cp313-cp313-manylinux_2_17_x86_64",
      "cp313-cp313-manylinux2014_x86_64",
    ]),
  ),
]
